// Jest Snapshot v1, https://goo.gl/fbAQLP

exports[`should render ExpenseListItem with an expense item 1`] = `
<div>
  <p>
    1
     - 
    <em>
      Rent
    </em>
    : 
     
     $ 
    850.00
     
     
    -345600000
  </p>
  <button
    onClick={[Function]}
  >
    Remove
  </button>
</div>
`;
